[0.154s] Invoking command in '/home/sanjay/ros2_workspaces/nav_turtlebot/build/slam_pkg': CMAKE_PREFIX_PATH=${CMAKE_PREFIX_PATH}:/home/sanjay/ros2_workspaces/nav_turtlebot/install/custom_world:/opt/ros/humble /usr/bin/cmake /home/sanjay/ros2_workspaces/nav_turtlebot/src/slam_pkg -DCMAKE_INSTALL_PREFIX=/home/sanjay/ros2_workspaces/nav_turtlebot/install/slam_pkg
[0.221s] -- The C compiler identification is GNU 11.4.0
[0.278s] -- The CXX compiler identification is GNU 11.4.0
[0.285s] -- Detecting C compiler ABI info
[0.337s] -- Detecting C compiler ABI info - done
[0.341s] -- Check for working C compiler: /usr/bin/cc - skipped
[0.342s] -- Detecting C compile features
[0.342s] -- Detecting C compile features - done
[0.344s] -- Detecting CXX compiler ABI info
[0.406s] -- Detecting CXX compiler ABI info - done
[0.410s] -- Check for working CXX compiler: /usr/bin/c++ - skipped
[0.410s] -- Detecting CXX compile features
[0.411s] -- Detecting CXX compile features - done
[0.414s] -- Found ament_cmake: 1.3.12 (/opt/ros/humble/share/ament_cmake/cmake)
[0.526s] -- Found Python3: /usr/bin/python3 (found version "3.10.12") found components: Interpreter 
[0.592s] -- Found ament_lint_auto: 0.12.14 (/opt/ros/humble/share/ament_lint_auto/cmake)
[0.644s] -- Added test 'cppcheck' to perform static code analysis on C / C++ code
[0.644s] -- Configured cppcheck include dirs: 
[0.644s] -- Configured cppcheck exclude dirs and/or files: 
[0.645s] -- Added test 'flake8' to check Python code syntax and style conventions
[0.645s] -- Added test 'lint_cmake' to check CMake code style
[0.645s] -- Added test 'pep257' to check Python code against some of the docstring style conventions in PEP 257
[0.646s] -- Added test 'uncrustify' to check C / C++ code style
[0.646s] -- Configured uncrustify additional arguments: 
[0.646s] -- Added test 'xmllint' to check XML markup files
[0.647s] -- Configuring done
[0.649s] -- Generating done
[0.649s] -- Build files have been written to: /home/sanjay/ros2_workspaces/nav_turtlebot/build/slam_pkg
[0.652s] Invoked command in '/home/sanjay/ros2_workspaces/nav_turtlebot/build/slam_pkg' returned '0': CMAKE_PREFIX_PATH=${CMAKE_PREFIX_PATH}:/home/sanjay/ros2_workspaces/nav_turtlebot/install/custom_world:/opt/ros/humble /usr/bin/cmake /home/sanjay/ros2_workspaces/nav_turtlebot/src/slam_pkg -DCMAKE_INSTALL_PREFIX=/home/sanjay/ros2_workspaces/nav_turtlebot/install/slam_pkg
[0.654s] Invoking command in '/home/sanjay/ros2_workspaces/nav_turtlebot/build/slam_pkg': CMAKE_PREFIX_PATH=${CMAKE_PREFIX_PATH}:/home/sanjay/ros2_workspaces/nav_turtlebot/install/custom_world:/opt/ros/humble /usr/bin/cmake --build /home/sanjay/ros2_workspaces/nav_turtlebot/build/slam_pkg -- -j12 -l12
[0.681s] Invoked command in '/home/sanjay/ros2_workspaces/nav_turtlebot/build/slam_pkg' returned '0': CMAKE_PREFIX_PATH=${CMAKE_PREFIX_PATH}:/home/sanjay/ros2_workspaces/nav_turtlebot/install/custom_world:/opt/ros/humble /usr/bin/cmake --build /home/sanjay/ros2_workspaces/nav_turtlebot/build/slam_pkg -- -j12 -l12
[0.690s] Invoking command in '/home/sanjay/ros2_workspaces/nav_turtlebot/build/slam_pkg': CMAKE_PREFIX_PATH=${CMAKE_PREFIX_PATH}:/home/sanjay/ros2_workspaces/nav_turtlebot/install/custom_world:/opt/ros/humble /usr/bin/cmake --install /home/sanjay/ros2_workspaces/nav_turtlebot/build/slam_pkg
[0.696s] -- Install configuration: ""
[0.696s] -- Installing: /home/sanjay/ros2_workspaces/nav_turtlebot/install/slam_pkg/share/slam_pkg/launch
[0.696s] -- Installing: /home/sanjay/ros2_workspaces/nav_turtlebot/install/slam_pkg/share/slam_pkg/launch/localisation_amcl.launch.py
[0.696s] -- Installing: /home/sanjay/ros2_workspaces/nav_turtlebot/install/slam_pkg/share/slam_pkg/launch/nav2.launch.py
[0.696s] -- Installing: /home/sanjay/ros2_workspaces/nav_turtlebot/install/slam_pkg/share/slam_pkg/launch/slam.launch.py
[0.696s] -- Installing: /home/sanjay/ros2_workspaces/nav_turtlebot/install/slam_pkg/share/slam_pkg/config
[0.696s] -- Installing: /home/sanjay/ros2_workspaces/nav_turtlebot/install/slam_pkg/share/slam_pkg/config/slam_rviz_config.rviz
[0.696s] -- Installing: /home/sanjay/ros2_workspaces/nav_turtlebot/install/slam_pkg/share/slam_pkg/config/mapper_params_online_async.yaml
[0.697s] -- Installing: /home/sanjay/ros2_workspaces/nav_turtlebot/install/slam_pkg/share/slam_pkg/config/nav2_rviz_config.rviz
[0.697s] -- Installing: /home/sanjay/ros2_workspaces/nav_turtlebot/install/slam_pkg/share/slam_pkg/config/nav2_params.yaml
[0.697s] -- Installing: /home/sanjay/ros2_workspaces/nav_turtlebot/install/slam_pkg/share/slam_pkg/config/localisation_rviz_config.rviz
[0.697s] -- Installing: /home/sanjay/ros2_workspaces/nav_turtlebot/install/slam_pkg/share/ament_index/resource_index/package_run_dependencies/slam_pkg
[0.697s] -- Installing: /home/sanjay/ros2_workspaces/nav_turtlebot/install/slam_pkg/share/ament_index/resource_index/parent_prefix_path/slam_pkg
[0.697s] -- Installing: /home/sanjay/ros2_workspaces/nav_turtlebot/install/slam_pkg/share/slam_pkg/environment/ament_prefix_path.sh
[0.697s] -- Installing: /home/sanjay/ros2_workspaces/nav_turtlebot/install/slam_pkg/share/slam_pkg/environment/ament_prefix_path.dsv
[0.697s] -- Installing: /home/sanjay/ros2_workspaces/nav_turtlebot/install/slam_pkg/share/slam_pkg/environment/path.sh
[0.697s] -- Installing: /home/sanjay/ros2_workspaces/nav_turtlebot/install/slam_pkg/share/slam_pkg/environment/path.dsv
[0.697s] -- Installing: /home/sanjay/ros2_workspaces/nav_turtlebot/install/slam_pkg/share/slam_pkg/local_setup.bash
[0.698s] -- Installing: /home/sanjay/ros2_workspaces/nav_turtlebot/install/slam_pkg/share/slam_pkg/local_setup.sh
[0.698s] -- Installing: /home/sanjay/ros2_workspaces/nav_turtlebot/install/slam_pkg/share/slam_pkg/local_setup.zsh
[0.698s] -- Installing: /home/sanjay/ros2_workspaces/nav_turtlebot/install/slam_pkg/share/slam_pkg/local_setup.dsv
[0.698s] -- Installing: /home/sanjay/ros2_workspaces/nav_turtlebot/install/slam_pkg/share/slam_pkg/package.dsv
[0.698s] -- Installing: /home/sanjay/ros2_workspaces/nav_turtlebot/install/slam_pkg/share/ament_index/resource_index/packages/slam_pkg
[0.698s] -- Installing: /home/sanjay/ros2_workspaces/nav_turtlebot/install/slam_pkg/share/slam_pkg/cmake/slam_pkgConfig.cmake
[0.698s] -- Installing: /home/sanjay/ros2_workspaces/nav_turtlebot/install/slam_pkg/share/slam_pkg/cmake/slam_pkgConfig-version.cmake
[0.698s] -- Installing: /home/sanjay/ros2_workspaces/nav_turtlebot/install/slam_pkg/share/slam_pkg/package.xml
[0.699s] Invoked command in '/home/sanjay/ros2_workspaces/nav_turtlebot/build/slam_pkg' returned '0': CMAKE_PREFIX_PATH=${CMAKE_PREFIX_PATH}:/home/sanjay/ros2_workspaces/nav_turtlebot/install/custom_world:/opt/ros/humble /usr/bin/cmake --install /home/sanjay/ros2_workspaces/nav_turtlebot/build/slam_pkg
