[0.374s] Invoking command in '/home/sanjay/ros2_workspaces/nav_turtlebot/src/custom_world': PYTHONPATH=/home/sanjay/ros2_workspaces/nav_turtlebot/build/custom_world/prefix_override:/usr/lib/python3/dist-packages/colcon_core/task/python/colcon_distutils_commands:/home/sanjay/ros2_workspaces/nav_turtlebot/install/custom_world/lib/python3.10/site-packages:${PYTHONPATH} /usr/bin/python3 -W ignore:setup.py install is deprecated -W ignore:easy_install command is deprecated setup.py egg_info --egg-base ../../build/custom_world build --build-base /home/sanjay/ros2_workspaces/nav_turtlebot/build/custom_world/build install --record /home/sanjay/ros2_workspaces/nav_turtlebot/build/custom_world/install.log --single-version-externally-managed install_data
[0.516s] running egg_info
[0.517s] writing ../../build/custom_world/custom_world.egg-info/PKG-INFO
[0.517s] writing dependency_links to ../../build/custom_world/custom_world.egg-info/dependency_links.txt
[0.517s] writing entry points to ../../build/custom_world/custom_world.egg-info/entry_points.txt
[0.517s] writing requirements to ../../build/custom_world/custom_world.egg-info/requires.txt
[0.517s] writing top-level names to ../../build/custom_world/custom_world.egg-info/top_level.txt
[0.518s] reading manifest file '../../build/custom_world/custom_world.egg-info/SOURCES.txt'
[0.519s] writing manifest file '../../build/custom_world/custom_world.egg-info/SOURCES.txt'
[0.519s] running build
[0.519s] running build_py
[0.519s] running install
[0.519s] running install_lib
[0.519s] running install_data
[0.520s] running install_egg_info
[0.521s] removing '/home/sanjay/ros2_workspaces/nav_turtlebot/install/custom_world/lib/python3.10/site-packages/custom_world-0.0.0-py3.10.egg-info' (and everything under it)
[0.521s] Copying ../../build/custom_world/custom_world.egg-info to /home/sanjay/ros2_workspaces/nav_turtlebot/install/custom_world/lib/python3.10/site-packages/custom_world-0.0.0-py3.10.egg-info
[0.521s] running install_scripts
[0.535s] writing list of installed files to '/home/sanjay/ros2_workspaces/nav_turtlebot/build/custom_world/install.log'
[0.551s] Invoked command in '/home/sanjay/ros2_workspaces/nav_turtlebot/src/custom_world' returned '0': PYTHONPATH=/home/sanjay/ros2_workspaces/nav_turtlebot/build/custom_world/prefix_override:/usr/lib/python3/dist-packages/colcon_core/task/python/colcon_distutils_commands:/home/sanjay/ros2_workspaces/nav_turtlebot/install/custom_world/lib/python3.10/site-packages:${PYTHONPATH} /usr/bin/python3 -W ignore:setup.py install is deprecated -W ignore:easy_install command is deprecated setup.py egg_info --egg-base ../../build/custom_world build --build-base /home/sanjay/ros2_workspaces/nav_turtlebot/build/custom_world/build install --record /home/sanjay/ros2_workspaces/nav_turtlebot/build/custom_world/install.log --single-version-externally-managed install_data
