[0.063s] DEBUG:colcon:Command line arguments: ['/usr/bin/colcon', 'build']
[0.063s] DEBUG:colcon:Parsed command line arguments: Namespace(log_base=None, log_level=None, verb_name='build', build_base='build', install_base='install', merge_install=False, symlink_install=False, test_result_base=None, continue_on_error=False, executor='parallel', parallel_workers=12, event_handlers=None, ignore_user_meta=False, metas=['./colcon.meta'], base_paths=['.'], packages_ignore=None, packages_ignore_regex=None, paths=None, packages_up_to=None, packages_up_to_regex=None, packages_above=None, packages_above_and_dependencies=None, packages_above_depth=None, packages_select_by_dep=None, packages_skip_by_dep=None, packages_skip_up_to=None, packages_select_build_failed=False, packages_skip_build_finished=False, packages_select_test_failures=False, packages_skip_test_passed=False, packages_select=None, packages_skip=None, packages_select_regex=None, packages_skip_regex=None, packages_start=None, packages_end=None, allow_overriding=[], cmake_args=None, cmake_target=None, cmake_target_skip_unavailable=False, cmake_clean_cache=False, cmake_clean_first=False, cmake_force_configure=False, ament_cmake_args=None, catkin_cmake_args=None, catkin_skip_building_tests=False, mixin_files=None, mixin=None, verb_parser=<colcon_mixin.mixin.mixin_argument.MixinArgumentDecorator object at 0x7064c185eda0>, verb_extension=<colcon_core.verb.build.BuildVerb object at 0x7064c185e530>, main=<bound method BuildVerb.main of <colcon_core.verb.build.BuildVerb object at 0x7064c185e530>>, mixin_verb=('build',))
[0.164s] Level 1:colcon.colcon_core.package_discovery:discover_packages(colcon_meta) check parameters
[0.164s] Level 1:colcon.colcon_core.package_discovery:discover_packages(recursive) check parameters
[0.164s] Level 1:colcon.colcon_core.package_discovery:discover_packages(ignore) check parameters
[0.164s] Level 1:colcon.colcon_core.package_discovery:discover_packages(path) check parameters
[0.164s] Level 1:colcon.colcon_core.package_discovery:discover_packages(colcon_meta) discover
[0.164s] Level 1:colcon.colcon_core.package_discovery:discover_packages(recursive) discover
[0.164s] INFO:colcon.colcon_core.package_discovery:Crawling recursively for packages in '/home/sanjay/ros2_workspaces/nav_turtlebot'
[0.164s] Level 1:colcon.colcon_core.package_identification:_identify(.) by extensions ['ignore', 'ignore_ament_install']
[0.164s] Level 1:colcon.colcon_core.package_identification:_identify(.) by extension 'ignore'
[0.164s] Level 1:colcon.colcon_core.package_identification:_identify(.) by extension 'ignore_ament_install'
[0.164s] Level 1:colcon.colcon_core.package_identification:_identify(.) by extensions ['colcon_pkg']
[0.164s] Level 1:colcon.colcon_core.package_identification:_identify(.) by extension 'colcon_pkg'
[0.165s] Level 1:colcon.colcon_core.package_identification:_identify(.) by extensions ['colcon_meta']
[0.165s] Level 1:colcon.colcon_core.package_identification:_identify(.) by extension 'colcon_meta'
[0.165s] Level 1:colcon.colcon_core.package_identification:_identify(.) by extensions ['ros']
[0.165s] Level 1:colcon.colcon_core.package_identification:_identify(.) by extension 'ros'
[0.177s] Level 1:colcon.colcon_core.package_identification:_identify(.) by extensions ['cmake', 'python']
[0.177s] Level 1:colcon.colcon_core.package_identification:_identify(.) by extension 'cmake'
[0.177s] Level 1:colcon.colcon_core.package_identification:_identify(.) by extension 'python'
[0.177s] Level 1:colcon.colcon_core.package_identification:_identify(.) by extensions ['python_setup_py']
[0.177s] Level 1:colcon.colcon_core.package_identification:_identify(.) by extension 'python_setup_py'
[0.177s] Level 1:colcon.colcon_core.package_identification:_identify(build) by extensions ['ignore', 'ignore_ament_install']
[0.177s] Level 1:colcon.colcon_core.package_identification:_identify(build) by extension 'ignore'
[0.177s] Level 1:colcon.colcon_core.package_identification:_identify(build) ignored
[0.177s] Level 1:colcon.colcon_core.package_identification:_identify(install) by extensions ['ignore', 'ignore_ament_install']
[0.177s] Level 1:colcon.colcon_core.package_identification:_identify(install) by extension 'ignore'
[0.177s] Level 1:colcon.colcon_core.package_identification:_identify(install) ignored
[0.177s] Level 1:colcon.colcon_core.package_identification:_identify(log) by extensions ['ignore', 'ignore_ament_install']
[0.177s] Level 1:colcon.colcon_core.package_identification:_identify(log) by extension 'ignore'
[0.177s] Level 1:colcon.colcon_core.package_identification:_identify(log) ignored
[0.177s] Level 1:colcon.colcon_core.package_identification:_identify(src) by extensions ['ignore', 'ignore_ament_install']
[0.177s] Level 1:colcon.colcon_core.package_identification:_identify(src) by extension 'ignore'
[0.177s] Level 1:colcon.colcon_core.package_identification:_identify(src) by extension 'ignore_ament_install'
[0.177s] Level 1:colcon.colcon_core.package_identification:_identify(src) by extensions ['colcon_pkg']
[0.177s] Level 1:colcon.colcon_core.package_identification:_identify(src) by extension 'colcon_pkg'
[0.177s] Level 1:colcon.colcon_core.package_identification:_identify(src) by extensions ['colcon_meta']
[0.177s] Level 1:colcon.colcon_core.package_identification:_identify(src) by extension 'colcon_meta'
[0.177s] Level 1:colcon.colcon_core.package_identification:_identify(src) by extensions ['ros']
[0.177s] Level 1:colcon.colcon_core.package_identification:_identify(src) by extension 'ros'
[0.177s] Level 1:colcon.colcon_core.package_identification:_identify(src) by extensions ['cmake', 'python']
[0.177s] Level 1:colcon.colcon_core.package_identification:_identify(src) by extension 'cmake'
[0.178s] Level 1:colcon.colcon_core.package_identification:_identify(src) by extension 'python'
[0.178s] Level 1:colcon.colcon_core.package_identification:_identify(src) by extensions ['python_setup_py']
[0.178s] Level 1:colcon.colcon_core.package_identification:_identify(src) by extension 'python_setup_py'
[0.178s] Level 1:colcon.colcon_core.package_identification:_identify(src/custom_world) by extensions ['ignore', 'ignore_ament_install']
[0.178s] Level 1:colcon.colcon_core.package_identification:_identify(src/custom_world) by extension 'ignore'
[0.178s] Level 1:colcon.colcon_core.package_identification:_identify(src/custom_world) by extension 'ignore_ament_install'
[0.178s] Level 1:colcon.colcon_core.package_identification:_identify(src/custom_world) by extensions ['colcon_pkg']
[0.178s] Level 1:colcon.colcon_core.package_identification:_identify(src/custom_world) by extension 'colcon_pkg'
[0.178s] Level 1:colcon.colcon_core.package_identification:_identify(src/custom_world) by extensions ['colcon_meta']
[0.178s] Level 1:colcon.colcon_core.package_identification:_identify(src/custom_world) by extension 'colcon_meta'
[0.178s] Level 1:colcon.colcon_core.package_identification:_identify(src/custom_world) by extensions ['ros']
[0.178s] Level 1:colcon.colcon_core.package_identification:_identify(src/custom_world) by extension 'ros'
[0.179s] DEBUG:colcon.colcon_core.package_identification:Package 'src/custom_world' with type 'ros.ament_python' and name 'custom_world'
[0.179s] Level 1:colcon.colcon_core.package_identification:_identify(src/slam_pkg) by extensions ['ignore', 'ignore_ament_install']
[0.179s] Level 1:colcon.colcon_core.package_identification:_identify(src/slam_pkg) by extension 'ignore'
[0.179s] Level 1:colcon.colcon_core.package_identification:_identify(src/slam_pkg) by extension 'ignore_ament_install'
[0.179s] Level 1:colcon.colcon_core.package_identification:_identify(src/slam_pkg) by extensions ['colcon_pkg']
[0.179s] Level 1:colcon.colcon_core.package_identification:_identify(src/slam_pkg) by extension 'colcon_pkg'
[0.179s] Level 1:colcon.colcon_core.package_identification:_identify(src/slam_pkg) by extensions ['colcon_meta']
[0.179s] Level 1:colcon.colcon_core.package_identification:_identify(src/slam_pkg) by extension 'colcon_meta'
[0.179s] Level 1:colcon.colcon_core.package_identification:_identify(src/slam_pkg) by extensions ['ros']
[0.179s] Level 1:colcon.colcon_core.package_identification:_identify(src/slam_pkg) by extension 'ros'
[0.180s] DEBUG:colcon.colcon_core.package_identification:Package 'src/slam_pkg' with type 'ros.ament_cmake' and name 'slam_pkg'
[0.180s] Level 1:colcon.colcon_core.package_discovery:discover_packages(recursive) using defaults
[0.180s] Level 1:colcon.colcon_core.package_discovery:discover_packages(ignore) discover
[0.180s] Level 1:colcon.colcon_core.package_discovery:discover_packages(ignore) using defaults
[0.180s] Level 1:colcon.colcon_core.package_discovery:discover_packages(path) discover
[0.180s] Level 1:colcon.colcon_core.package_discovery:discover_packages(path) using defaults
[0.191s] Level 1:colcon.colcon_core.package_discovery:discover_packages(prefix_path) check parameters
[0.191s] Level 1:colcon.colcon_core.package_discovery:discover_packages(prefix_path) discover
[0.193s] DEBUG:colcon.colcon_installed_package_information.package_discovery:Found 473 installed packages in /opt/ros/humble
[0.194s] Level 1:colcon.colcon_core.package_discovery:discover_packages(prefix_path) using defaults
[0.224s] Level 5:colcon.colcon_core.verb:set package 'custom_world' build argument 'cmake_args' from command line to 'None'
[0.224s] Level 5:colcon.colcon_core.verb:set package 'custom_world' build argument 'cmake_target' from command line to 'None'
[0.224s] Level 5:colcon.colcon_core.verb:set package 'custom_world' build argument 'cmake_target_skip_unavailable' from command line to 'False'
[0.224s] Level 5:colcon.colcon_core.verb:set package 'custom_world' build argument 'cmake_clean_cache' from command line to 'False'
[0.224s] Level 5:colcon.colcon_core.verb:set package 'custom_world' build argument 'cmake_clean_first' from command line to 'False'
[0.224s] Level 5:colcon.colcon_core.verb:set package 'custom_world' build argument 'cmake_force_configure' from command line to 'False'
[0.224s] Level 5:colcon.colcon_core.verb:set package 'custom_world' build argument 'ament_cmake_args' from command line to 'None'
[0.224s] Level 5:colcon.colcon_core.verb:set package 'custom_world' build argument 'catkin_cmake_args' from command line to 'None'
[0.224s] Level 5:colcon.colcon_core.verb:set package 'custom_world' build argument 'catkin_skip_building_tests' from command line to 'False'
[0.224s] DEBUG:colcon.colcon_core.verb:Building package 'custom_world' with the following arguments: {'ament_cmake_args': None, 'build_base': '/home/sanjay/ros2_workspaces/nav_turtlebot/build/custom_world', 'catkin_cmake_args': None, 'catkin_skip_building_tests': False, 'cmake_args': None, 'cmake_clean_cache': False, 'cmake_clean_first': False, 'cmake_force_configure': False, 'cmake_target': None, 'cmake_target_skip_unavailable': False, 'install_base': '/home/sanjay/ros2_workspaces/nav_turtlebot/install/custom_world', 'merge_install': False, 'path': '/home/sanjay/ros2_workspaces/nav_turtlebot/src/custom_world', 'symlink_install': False, 'test_result_base': None}
[0.224s] Level 5:colcon.colcon_core.verb:set package 'slam_pkg' build argument 'cmake_args' from command line to 'None'
[0.224s] Level 5:colcon.colcon_core.verb:set package 'slam_pkg' build argument 'cmake_target' from command line to 'None'
[0.224s] Level 5:colcon.colcon_core.verb:set package 'slam_pkg' build argument 'cmake_target_skip_unavailable' from command line to 'False'
[0.224s] Level 5:colcon.colcon_core.verb:set package 'slam_pkg' build argument 'cmake_clean_cache' from command line to 'False'
[0.224s] Level 5:colcon.colcon_core.verb:set package 'slam_pkg' build argument 'cmake_clean_first' from command line to 'False'
[0.224s] Level 5:colcon.colcon_core.verb:set package 'slam_pkg' build argument 'cmake_force_configure' from command line to 'False'
[0.224s] Level 5:colcon.colcon_core.verb:set package 'slam_pkg' build argument 'ament_cmake_args' from command line to 'None'
[0.224s] Level 5:colcon.colcon_core.verb:set package 'slam_pkg' build argument 'catkin_cmake_args' from command line to 'None'
[0.224s] Level 5:colcon.colcon_core.verb:set package 'slam_pkg' build argument 'catkin_skip_building_tests' from command line to 'False'
[0.224s] DEBUG:colcon.colcon_core.verb:Building package 'slam_pkg' with the following arguments: {'ament_cmake_args': None, 'build_base': '/home/sanjay/ros2_workspaces/nav_turtlebot/build/slam_pkg', 'catkin_cmake_args': None, 'catkin_skip_building_tests': False, 'cmake_args': None, 'cmake_clean_cache': False, 'cmake_clean_first': False, 'cmake_force_configure': False, 'cmake_target': None, 'cmake_target_skip_unavailable': False, 'install_base': '/home/sanjay/ros2_workspaces/nav_turtlebot/install/slam_pkg', 'merge_install': False, 'path': '/home/sanjay/ros2_workspaces/nav_turtlebot/src/slam_pkg', 'symlink_install': False, 'test_result_base': None}
[0.224s] INFO:colcon.colcon_core.executor:Executing jobs using 'parallel' executor
[0.225s] DEBUG:colcon.colcon_parallel_executor.executor.parallel:run_until_complete
[0.225s] INFO:colcon.colcon_ros.task.ament_python.build:Building ROS package in '/home/sanjay/ros2_workspaces/nav_turtlebot/src/custom_world' with build type 'ament_python'
[0.226s] Level 1:colcon.colcon_core.shell:create_environment_hook('custom_world', 'ament_prefix_path')
[0.226s] INFO:colcon.colcon_core.plugin_system:Skipping extension 'colcon_core.shell.bat': Not used on non-Windows systems
[0.227s] INFO:colcon.colcon_core.shell:Creating environment hook '/home/sanjay/ros2_workspaces/nav_turtlebot/install/custom_world/share/custom_world/hook/ament_prefix_path.ps1'
[0.227s] INFO:colcon.colcon_core.shell:Creating environment descriptor '/home/sanjay/ros2_workspaces/nav_turtlebot/install/custom_world/share/custom_world/hook/ament_prefix_path.dsv'
[0.227s] INFO:colcon.colcon_core.shell:Creating environment hook '/home/sanjay/ros2_workspaces/nav_turtlebot/install/custom_world/share/custom_world/hook/ament_prefix_path.sh'
[0.228s] INFO:colcon.colcon_core.shell:Skip shell extension 'powershell' for command environment: Not usable outside of PowerShell
[0.228s] DEBUG:colcon.colcon_core.shell:Skip shell extension 'dsv' for command environment
[0.229s] INFO:colcon.colcon_ros.task.ament_cmake.build:Building ROS package in '/home/sanjay/ros2_workspaces/nav_turtlebot/src/slam_pkg' with build type 'ament_cmake'
[0.230s] INFO:colcon.colcon_cmake.task.cmake.build:Building CMake package in '/home/sanjay/ros2_workspaces/nav_turtlebot/src/slam_pkg'
[0.230s] INFO:colcon.colcon_core.shell:Skip shell extension 'powershell' for command environment: Not usable outside of PowerShell
[0.230s] DEBUG:colcon.colcon_core.shell:Skip shell extension 'dsv' for command environment
[0.381s] INFO:colcon.colcon_core.task.python.build:Building Python package in '/home/sanjay/ros2_workspaces/nav_turtlebot/src/custom_world'
[0.381s] INFO:colcon.colcon_core.shell:Skip shell extension 'powershell' for command environment: Not usable outside of PowerShell
[0.381s] DEBUG:colcon.colcon_core.shell:Skip shell extension 'dsv' for command environment
[0.385s] DEBUG:colcon.colcon_core.event_handler.log_command:Invoking command in '/home/sanjay/ros2_workspaces/nav_turtlebot/build/slam_pkg': CMAKE_PREFIX_PATH=/opt/ros/humble /usr/bin/cmake --build /home/sanjay/ros2_workspaces/nav_turtlebot/build/slam_pkg -- -j12 -l12
[0.414s] DEBUG:colcon.colcon_core.event_handler.log_command:Invoked command in '/home/sanjay/ros2_workspaces/nav_turtlebot/build/slam_pkg' returned '0': CMAKE_PREFIX_PATH=/opt/ros/humble /usr/bin/cmake --build /home/sanjay/ros2_workspaces/nav_turtlebot/build/slam_pkg -- -j12 -l12
[0.422s] DEBUG:colcon.colcon_core.event_handler.log_command:Invoking command in '/home/sanjay/ros2_workspaces/nav_turtlebot/build/slam_pkg': CMAKE_PREFIX_PATH=/opt/ros/humble /usr/bin/cmake --install /home/sanjay/ros2_workspaces/nav_turtlebot/build/slam_pkg
[0.431s] Level 1:colcon.colcon_core.environment:create_environment_scripts_only(slam_pkg)
[0.431s] DEBUG:colcon.colcon_core.event_handler.log_command:Invoked command in '/home/sanjay/ros2_workspaces/nav_turtlebot/build/slam_pkg' returned '0': CMAKE_PREFIX_PATH=/opt/ros/humble /usr/bin/cmake --install /home/sanjay/ros2_workspaces/nav_turtlebot/build/slam_pkg
[0.433s] Level 1:colcon.colcon_core.environment:checking '/home/sanjay/ros2_workspaces/nav_turtlebot/install/slam_pkg' for CMake module files
[0.433s] Level 1:colcon.colcon_core.environment:checking '/home/sanjay/ros2_workspaces/nav_turtlebot/install/slam_pkg' for CMake config files
[0.433s] Level 1:colcon.colcon_core.shell:create_environment_hook('slam_pkg', 'cmake_prefix_path')
[0.433s] INFO:colcon.colcon_core.shell:Creating environment hook '/home/sanjay/ros2_workspaces/nav_turtlebot/install/slam_pkg/share/slam_pkg/hook/cmake_prefix_path.ps1'
[0.433s] INFO:colcon.colcon_core.shell:Creating environment descriptor '/home/sanjay/ros2_workspaces/nav_turtlebot/install/slam_pkg/share/slam_pkg/hook/cmake_prefix_path.dsv'
[0.434s] INFO:colcon.colcon_core.shell:Creating environment hook '/home/sanjay/ros2_workspaces/nav_turtlebot/install/slam_pkg/share/slam_pkg/hook/cmake_prefix_path.sh'
[0.434s] Level 1:colcon.colcon_core.environment:checking '/home/sanjay/ros2_workspaces/nav_turtlebot/install/slam_pkg/bin'
[0.434s] Level 1:colcon.colcon_core.environment:checking '/home/sanjay/ros2_workspaces/nav_turtlebot/install/slam_pkg/lib/pkgconfig/slam_pkg.pc'
[0.434s] Level 1:colcon.colcon_core.environment:checking '/home/sanjay/ros2_workspaces/nav_turtlebot/install/slam_pkg/lib/python3.10/site-packages'
[0.434s] Level 1:colcon.colcon_core.environment:checking '/home/sanjay/ros2_workspaces/nav_turtlebot/install/slam_pkg/bin'
[0.434s] INFO:colcon.colcon_core.shell:Creating package script '/home/sanjay/ros2_workspaces/nav_turtlebot/install/slam_pkg/share/slam_pkg/package.ps1'
[0.435s] INFO:colcon.colcon_core.shell:Creating package descriptor '/home/sanjay/ros2_workspaces/nav_turtlebot/install/slam_pkg/share/slam_pkg/package.dsv'
[0.435s] INFO:colcon.colcon_core.shell:Creating package script '/home/sanjay/ros2_workspaces/nav_turtlebot/install/slam_pkg/share/slam_pkg/package.sh'
[0.436s] INFO:colcon.colcon_core.shell:Creating package script '/home/sanjay/ros2_workspaces/nav_turtlebot/install/slam_pkg/share/slam_pkg/package.bash'
[0.436s] INFO:colcon.colcon_core.shell:Creating package script '/home/sanjay/ros2_workspaces/nav_turtlebot/install/slam_pkg/share/slam_pkg/package.zsh'
[0.436s] Level 1:colcon.colcon_core.environment:create_file_with_runtime_dependencies(/home/sanjay/ros2_workspaces/nav_turtlebot/install/slam_pkg/share/colcon-core/packages/slam_pkg)
[0.437s] Level 1:colcon.colcon_core.environment:create_environment_scripts_only(slam_pkg)
[0.437s] Level 1:colcon.colcon_core.environment:checking '/home/sanjay/ros2_workspaces/nav_turtlebot/install/slam_pkg' for CMake module files
[0.437s] Level 1:colcon.colcon_core.environment:checking '/home/sanjay/ros2_workspaces/nav_turtlebot/install/slam_pkg' for CMake config files
[0.438s] Level 1:colcon.colcon_core.shell:create_environment_hook('slam_pkg', 'cmake_prefix_path')
[0.438s] INFO:colcon.colcon_core.shell:Creating environment hook '/home/sanjay/ros2_workspaces/nav_turtlebot/install/slam_pkg/share/slam_pkg/hook/cmake_prefix_path.ps1'
[0.438s] INFO:colcon.colcon_core.shell:Creating environment descriptor '/home/sanjay/ros2_workspaces/nav_turtlebot/install/slam_pkg/share/slam_pkg/hook/cmake_prefix_path.dsv'
[0.439s] INFO:colcon.colcon_core.shell:Creating environment hook '/home/sanjay/ros2_workspaces/nav_turtlebot/install/slam_pkg/share/slam_pkg/hook/cmake_prefix_path.sh'
[0.439s] Level 1:colcon.colcon_core.environment:checking '/home/sanjay/ros2_workspaces/nav_turtlebot/install/slam_pkg/bin'
[0.439s] Level 1:colcon.colcon_core.environment:checking '/home/sanjay/ros2_workspaces/nav_turtlebot/install/slam_pkg/lib/pkgconfig/slam_pkg.pc'
[0.439s] Level 1:colcon.colcon_core.environment:checking '/home/sanjay/ros2_workspaces/nav_turtlebot/install/slam_pkg/lib/python3.10/site-packages'
[0.440s] Level 1:colcon.colcon_core.environment:checking '/home/sanjay/ros2_workspaces/nav_turtlebot/install/slam_pkg/bin'
[0.440s] INFO:colcon.colcon_core.shell:Creating package script '/home/sanjay/ros2_workspaces/nav_turtlebot/install/slam_pkg/share/slam_pkg/package.ps1'
[0.440s] INFO:colcon.colcon_core.shell:Creating package descriptor '/home/sanjay/ros2_workspaces/nav_turtlebot/install/slam_pkg/share/slam_pkg/package.dsv'
[0.441s] INFO:colcon.colcon_core.shell:Creating package script '/home/sanjay/ros2_workspaces/nav_turtlebot/install/slam_pkg/share/slam_pkg/package.sh'
[0.441s] INFO:colcon.colcon_core.shell:Creating package script '/home/sanjay/ros2_workspaces/nav_turtlebot/install/slam_pkg/share/slam_pkg/package.bash'
[0.442s] INFO:colcon.colcon_core.shell:Creating package script '/home/sanjay/ros2_workspaces/nav_turtlebot/install/slam_pkg/share/slam_pkg/package.zsh'
[0.442s] Level 1:colcon.colcon_core.environment:create_file_with_runtime_dependencies(/home/sanjay/ros2_workspaces/nav_turtlebot/install/slam_pkg/share/colcon-core/packages/slam_pkg)
[0.599s] DEBUG:colcon.colcon_core.event_handler.log_command:Invoking command in '/home/sanjay/ros2_workspaces/nav_turtlebot/src/custom_world': PYTHONPATH=/home/sanjay/ros2_workspaces/nav_turtlebot/build/custom_world/prefix_override:/usr/lib/python3/dist-packages/colcon_core/task/python/colcon_distutils_commands:/home/sanjay/ros2_workspaces/nav_turtlebot/install/custom_world/lib/python3.10/site-packages:${PYTHONPATH} /usr/bin/python3 -W ignore:setup.py install is deprecated -W ignore:easy_install command is deprecated setup.py egg_info --egg-base ../../build/custom_world build --build-base /home/sanjay/ros2_workspaces/nav_turtlebot/build/custom_world/build install --record /home/sanjay/ros2_workspaces/nav_turtlebot/build/custom_world/install.log --single-version-externally-managed install_data
[0.776s] Level 1:colcon.colcon_core.environment:checking '/home/sanjay/ros2_workspaces/nav_turtlebot/install/custom_world' for CMake module files
[0.777s] DEBUG:colcon.colcon_core.event_handler.log_command:Invoked command in '/home/sanjay/ros2_workspaces/nav_turtlebot/src/custom_world' returned '0': PYTHONPATH=/home/sanjay/ros2_workspaces/nav_turtlebot/build/custom_world/prefix_override:/usr/lib/python3/dist-packages/colcon_core/task/python/colcon_distutils_commands:/home/sanjay/ros2_workspaces/nav_turtlebot/install/custom_world/lib/python3.10/site-packages:${PYTHONPATH} /usr/bin/python3 -W ignore:setup.py install is deprecated -W ignore:easy_install command is deprecated setup.py egg_info --egg-base ../../build/custom_world build --build-base /home/sanjay/ros2_workspaces/nav_turtlebot/build/custom_world/build install --record /home/sanjay/ros2_workspaces/nav_turtlebot/build/custom_world/install.log --single-version-externally-managed install_data
[0.777s] Level 1:colcon.colcon_core.environment:checking '/home/sanjay/ros2_workspaces/nav_turtlebot/install/custom_world' for CMake config files
[0.778s] Level 1:colcon.colcon_core.environment:checking '/home/sanjay/ros2_workspaces/nav_turtlebot/install/custom_world/lib'
[0.778s] Level 1:colcon.colcon_core.environment:checking '/home/sanjay/ros2_workspaces/nav_turtlebot/install/custom_world/bin'
[0.778s] Level 1:colcon.colcon_core.environment:checking '/home/sanjay/ros2_workspaces/nav_turtlebot/install/custom_world/lib/pkgconfig/custom_world.pc'
[0.778s] Level 1:colcon.colcon_core.environment:checking '/home/sanjay/ros2_workspaces/nav_turtlebot/install/custom_world/lib/python3.10/site-packages'
[0.778s] Level 1:colcon.colcon_core.shell:create_environment_hook('custom_world', 'pythonpath')
[0.778s] INFO:colcon.colcon_core.shell:Creating environment hook '/home/sanjay/ros2_workspaces/nav_turtlebot/install/custom_world/share/custom_world/hook/pythonpath.ps1'
[0.779s] INFO:colcon.colcon_core.shell:Creating environment descriptor '/home/sanjay/ros2_workspaces/nav_turtlebot/install/custom_world/share/custom_world/hook/pythonpath.dsv'
[0.779s] INFO:colcon.colcon_core.shell:Creating environment hook '/home/sanjay/ros2_workspaces/nav_turtlebot/install/custom_world/share/custom_world/hook/pythonpath.sh'
[0.780s] Level 1:colcon.colcon_core.environment:checking '/home/sanjay/ros2_workspaces/nav_turtlebot/install/custom_world/bin'
[0.780s] Level 1:colcon.colcon_core.environment:create_environment_scripts_only(custom_world)
[0.780s] INFO:colcon.colcon_core.shell:Creating package script '/home/sanjay/ros2_workspaces/nav_turtlebot/install/custom_world/share/custom_world/package.ps1'
[0.781s] INFO:colcon.colcon_core.shell:Creating package descriptor '/home/sanjay/ros2_workspaces/nav_turtlebot/install/custom_world/share/custom_world/package.dsv'
[0.781s] INFO:colcon.colcon_core.shell:Creating package script '/home/sanjay/ros2_workspaces/nav_turtlebot/install/custom_world/share/custom_world/package.sh'
[0.781s] INFO:colcon.colcon_core.shell:Creating package script '/home/sanjay/ros2_workspaces/nav_turtlebot/install/custom_world/share/custom_world/package.bash'
[0.782s] INFO:colcon.colcon_core.shell:Creating package script '/home/sanjay/ros2_workspaces/nav_turtlebot/install/custom_world/share/custom_world/package.zsh'
[0.782s] Level 1:colcon.colcon_core.environment:create_file_with_runtime_dependencies(/home/sanjay/ros2_workspaces/nav_turtlebot/install/custom_world/share/colcon-core/packages/custom_world)
[0.782s] DEBUG:colcon.colcon_parallel_executor.executor.parallel:closing loop
[0.783s] DEBUG:colcon.colcon_parallel_executor.executor.parallel:loop closed
[0.783s] DEBUG:colcon.colcon_parallel_executor.executor.parallel:run_until_complete finished with '0'
[0.783s] DEBUG:colcon.colcon_core.event_reactor:joining thread
[0.787s] INFO:colcon.colcon_core.plugin_system:Skipping extension 'colcon_notification.desktop_notification.terminal_notifier': Not used on non-Darwin systems
[0.788s] INFO:colcon.colcon_core.plugin_system:Skipping extension 'colcon_notification.desktop_notification.win32': Not used on non-Windows systems
[0.788s] INFO:colcon.colcon_notification.desktop_notification:Sending desktop notification using 'notify2'
[0.796s] DEBUG:colcon.colcon_core.event_reactor:joined thread
[0.796s] INFO:colcon.colcon_core.shell:Creating prefix script '/home/sanjay/ros2_workspaces/nav_turtlebot/install/local_setup.ps1'
[0.797s] INFO:colcon.colcon_core.shell:Creating prefix util module '/home/sanjay/ros2_workspaces/nav_turtlebot/install/_local_setup_util_ps1.py'
[0.797s] INFO:colcon.colcon_core.shell:Creating prefix chain script '/home/sanjay/ros2_workspaces/nav_turtlebot/install/setup.ps1'
[0.798s] INFO:colcon.colcon_core.shell:Creating prefix script '/home/sanjay/ros2_workspaces/nav_turtlebot/install/local_setup.sh'
[0.798s] INFO:colcon.colcon_core.shell:Creating prefix util module '/home/sanjay/ros2_workspaces/nav_turtlebot/install/_local_setup_util_sh.py'
[0.799s] INFO:colcon.colcon_core.shell:Creating prefix chain script '/home/sanjay/ros2_workspaces/nav_turtlebot/install/setup.sh'
[0.799s] INFO:colcon.colcon_core.shell:Creating prefix script '/home/sanjay/ros2_workspaces/nav_turtlebot/install/local_setup.bash'
[0.799s] INFO:colcon.colcon_core.shell:Creating prefix chain script '/home/sanjay/ros2_workspaces/nav_turtlebot/install/setup.bash'
[0.800s] INFO:colcon.colcon_core.shell:Creating prefix script '/home/sanjay/ros2_workspaces/nav_turtlebot/install/local_setup.zsh'
[0.800s] INFO:colcon.colcon_core.shell:Creating prefix chain script '/home/sanjay/ros2_workspaces/nav_turtlebot/install/setup.zsh'
